// Jest Snapshot v1, https://goo.gl/fbAQLP

exports[`<LabelTag /> renders correctly 1`] = `
<div
  className="MuiButtonBase-root MuiChip-root MuiChip-filled MuiChip-sizeMedium MuiChip-colorDefault MuiChip-clickable MuiChip-clickableColorDefault MuiChip-filledDefault css-1cjdymu-MuiButtonBase-root-MuiChip-root"
  onBlur={[Function]}
  onClick={[Function]}
  onContextMenu={[Function]}
  onDragLeave={[Function]}
  onFocus={[Function]}
  onKeyDown={[Function]}
  onKeyUp={[Function]}
  onMouseDown={[Function]}
  onMouseLeave={[Function]}
  onMouseUp={[Function]}
  onTouchEnd={[Function]}
  onTouchMove={[Function]}
  onTouchStart={[Function]}
  role="button"
  style={
    Object {
      "backgroundColor": "rgba(0,0,0,1)",
    }
  }
  tabIndex={0}
>
  <span
    className="MuiChip-label MuiChip-labelMedium css-6od3lo-MuiChip-label"
  />
</div>
`;
